// Jest Snapshot v1, https://goo.gl/fbAQLP

exports[`Test in <FirstApp /> should match with the snapshot 1`] = `
<div>
  <h1
    data-testid="test-title"
  >
     
    Hi, I am Goku
     
  </h1>
  <p>
    No subtitle
  </p>
  <p>
    No subtitle
  </p>
  <p>
    Erick E.
  </p>
</div>
`;
